Command: /Users/konstantinoszacharopoulos/.espressif/python_env/idf5.5_py3.14_env/bin/python /Users/konstantinoszacharopoulos/esp/esp-idf/tools/idf_monitor.py -p /dev/cu.usbmodem11201 -b 115200 --toolchain-prefix xtensa-esp32s3-elf- --target esp32s3 --revision 0 /Users/konstantinoszacharopoulos/Documents/DTU/Courses/Spring-2026/Hardware-Software-Codedesign/DTU-02214/camera/esp32/build/camera.elf /Users/konstantinoszacharopoulos/Documents/DTU/Courses/Spring-2026/Hardware-Software-Codedesign/DTU-02214/camera/esp32/build/bootloader/bootloader.elf -m '/Users/konstantinoszacharopoulos/.espressif/python_env/idf5.5_py3.14_env/bin/python' '/Users/konstantinoszacharopoulos/esp/esp-idf/tools/idf.py'
ESP-ROM:esp32s3-20210327
Build:Mar 27 2021
rst:0x15 (USB_UART_CHIP_RESET),boot:0x8 (SPI_FAST_FLASH_BOOT)
Saved PC:0x4200abd3
SPIWP:0xee
mode:DIO, clock div:1
load:0x3fce2820,len:0x158c
load:0x403c8700,len:0xd24
load:0x403cb700,len:0x2f34
entry 0x403c8924
[0;32mI (24) boot: ESP-IDF v5.5.2 2nd stage bootloader[0m
[0;32mI (24) boot: compile time Feb 19 2026 15:36:52[0m
[0;32mI (25) boot: Multicore bootloader[0m
[0;32mI (25) boot: chip revision: v0.2[0m
[0;32mI (27) boot: efuse block revision: v1.3[0m
[0;32mI (31) boot.esp32s3: Boot SPI Speed : 80MHz[0m
[0;32mI (35) boot.esp32s3: SPI Mode       : DIO[0m
[0;32mI (39) boot.esp32s3: SPI Flash Size : 2MB[0m
[0;32mI (42) boot: Enabling RNG early entropy source...[0m
[0;32mI (47) boot: Partition Table:[0m
[0;32mI (50) boot: ## Label            Usage          Type ST Offset   Length[0m
[0;32mI (56) boot:  0 nvs              WiFi data        01 02 00009000 00006000[0m
[0;32mI (62) boot:  1 phy_init         RF data          01 01 0000f000 00001000[0m
[0;32mI (69) boot:  2 factory          factory app      00 00 00010000 00100000[0m
[0;32mI (75) boot: End of partition table[0m
[0;32mI (79) esp_image: segment 0: paddr=00010020 vaddr=3c030020 size=0fa94h ( 64148) map[0m
[0;32mI (97) esp_image: segment 1: paddr=0001fabc vaddr=3fc95300 size=0055ch (  1372) load[0m
[0;32mI (98) esp_image: segment 2: paddr=00020020 vaddr=42000020 size=28d1ch (167196) map[0m
[0;32mI (131) esp_image: segment 3: paddr=00048d44 vaddr=3fc9585c size=05114h ( 20756) load[0m
[0;32mI (135) esp_image: segment 4: paddr=0004de60 vaddr=40374000 size=1121ch ( 70172) load[0m
[0;32mI (151) esp_image: segment 5: paddr=0005f084 vaddr=50000000 size=00020h (    32) load[0m
[0;32mI (159) boot: Loaded app from partition at offset 0x10000[0m
[0;32mI (159) boot: Disabling RNG early entropy source...[0m
[0;32mI (170) octal_psram: vendor id    : 0x0d (AP)[0m
[0;32mI (170) octal_psram: dev id       : 0x02 (generation 3)[0m
[0;32mI (170) octal_psram: density      : 0x03 (64 Mbit)[0m
[0;32mI (172) octal_psram: good-die     : 0x01 (Pass)[0m
[0;32mI (176) octal_psram: Latency      : 0x01 (Fixed)[0m
[0;32mI (181) octal_psram: VCC          : 0x01 (3V)[0m
[0;32mI (185) octal_psram: SRF          : 0x01 (Fast Refresh)[0m
[0;32mI (190) octal_psram: BurstType    : 0x01 (Hybrid Wrap)[0m
[0;32mI (194) octal_psram: BurstLen     : 0x01 (32 Byte)[0m
[0;32mI (199) octal_psram: Readlatency  : 0x02 (10 cycles@Fixed)[0m
[0;32mI (204) octal_psram: DriveStrength: 0x00 (1/1)[0m
[0;32mI (208) esp_psram: Found 8MB PSRAM device[0m
[0;32mI (212) esp_psram: Speed: 40MHz[0m
[0;32mI (215) cpu_start: Multicore app[0m
[0;32mI (949) esp_psram: SPI SRAM memory test OK[0m
[0;32mI (957) cpu_start: GPIO 44 and 43 are used as console UART I/O pins[0m
[0;32mI (958) cpu_start: Pro cpu start user code[0m
[0;32mI (958) cpu_start: cpu freq: 160000000 Hz[0m
[0;32mI (959) app_init: Application information:[0m
[0;32mI (963) app_init: Project name:     camera[0m
[0;32mI (967) app_init: App version:      318db25[0m
[0;32mI (971) app_init: Compile time:     Apr 21 2026 18:24:59[0m
[0;32mI (976) app_init: ELF file SHA256:  d3e16819a...[0m
[0;32mI (980) app_init: ESP-IDF:          v5.5.2[0m
[0;32mI (984) efuse_init: Min chip rev:     v0.0[0m
[0;32mI (988) efuse_init: Max chip rev:     v0.99 [0m
[0;32mI (992) efuse_init: Chip rev:         v0.2[0m
[0;32mI (996) heap_init: Initializing. RAM available for dynamic allocation:[0m
[0;32mI (1002) heap_init: At 3FCCDB58 len 0001BBB8 (110 KiB): RAM[0m
[0;32mI (1007) heap_init: At 3FCE9710 len 00005724 (21 KiB): RAM[0m
[0;32mI (1012) heap_init: At 3FCF0000 len 00008000 (32 KiB): DRAM[0m
[0;32mI (1018) heap_init: At 600FE000 len 00001FE8 (7 KiB): RTCRAM[0m
[0;32mI (1023) esp_psram: Adding pool of 8192K of PSRAM memory to heap allocator[0m
[0;32mI (1031) spi_flash: detected chip: gd[0m
[0;32mI (1033) spi_flash: flash io: dio[0m
[0;33mW (1036) spi_flash: Detected size(8192k) larger than the size in the binary image header(2048k). Using the size in the binary image header.[0m
[0;32mI (1049) sleep_gpio: Configure to isolate all GPIO pins in sleep state[0m
[0;32mI (1055) sleep_gpio: Enable automatic switching of GPIO sleep configuration[0m
[0;32mI (1062) main_task: Started on CPU0[0m
[0;32mI (1072) esp_psram: Reserving pool of 32K of internal memory for DMA/internal allocations[0m
[0;32mI (1072) main_task: Calling app_main()[0m
[0;32mI (1092) CAMERA: Initializing camera...[0m
[0;32mI (1102) s3 ll_cam: DMA Channel=0[0m
[0;32mI (1102) cam_hal: cam init ok[0m
[0;32mI (1102) sccb-ng: pin_sda 40 pin_scl 39[0m
[0;32mI (1102) sccb-ng: sccb_i2c_port=1[0m
[0;32mI (1112) camera: Camera PID=0x3660 VER=0x00 MIDL=0x00 MIDH=0x00[0m
[0;32mI (1112) camera: Detected OV3660 camera[0m
[0;32mI (1112) camera: Detected camera at address=0x3c[0m
[0;32mI (1412) cam_hal: PSRAM DMA mode disabled[0m
[0;32mI (1412) s3 ll_cam: node_size: 3840, nodes_per_line: 1, lines_per_node: 4[0m
[0;32mI (1412) s3 ll_cam: dma_half_buffer_min:  3840, dma_half_buffer: 15360, lines_per_half_buffer: 16, dma_buffer_size: 30720[0m
[0;32mI (1422) cam_hal: buffer_size: 30720, half_buffer_size: 15360, node_buffer_size: 3840, node_cnt: 8, total_cnt: 20[0m
[0;32mI (1432) cam_hal: Allocating 307200 Byte frame buffer in PSRAM[0m
[0;32mI (1432) cam_hal: cam config ok[0m
[0;32mI (1452) ov3660: Calculated VCO: 128000000 Hz, PLLCLK: 64000000 Hz, SYSCLK: 16000000 Hz, PCLK: 8000000 Hz[0m
[0;32mI (1462) CAMERA: Camera initialized: 320x320 RGB565.[0m
Send 'S' to start.
